// Jest Snapshot v1, https://goo.gl/fbAQLP

exports[`CreateComponent Simple scenario should work 1`] = `"<div class=\\"ae af ag ah ai aj\\" data-reactroot=\\"\\">Daniel</div>"`;

exports[`CreateComponent Simple scenario should work 2`] = `".ae{border:1px solid black}.af{font-size:14px}.ai{font-family:Comic Sans}.aj{display:-webkit-box;display:-moz-box;display:-ms-flexbox;display:-webkit-flex;display:flex}@media (max-width: 800px){.ag{font-size:18px}}@media (min-width: 801px){.ah{font-size:21px}}"`;
