// Jest Snapshot v1, https://goo.gl/fbAQLP

exports[`CreateComponent Simple scenario should work 1`] = `"<div class=\\"ae af ag ah ai\\" data-reactroot=\\"\\">Daniel</div>"`;

exports[`CreateComponent Simple scenario should work 2`] = `".ae{border:1px solid black}.af{font-size:14px}.ah{font-family:Comic Sans}.ai{display:-webkit-box;display:-moz-box;display:-ms-flexbox;display:-webkit-flex;display:flex}@media (max-width: 800px){.ag{font-size:18px}}"`;
